"blank"				"=============================="
"blank"				"Hostile Intent: Misc"
"blank"				"=============================="
"vgui_team"			"VGUI Team Menu"
"vgui_equip"			"VGUI Equip Menu"
"radio"				"Radio Menu"
"nightvision"			"Night vision"
"+voicerecord"			"Voice communication"
"enemydown"			"Report Kill"
"blank"				"=============================="
"blank"				"Hostile Intent: Weapon Keys"
"blank"				"=============================="
"+attack"			"Attack"
"+attack2"			"Raise/lower Sights"
"switch_rof"			"Cycle weapon ROF"
"next_rof"			"Next weapon ROF"
"prev_rof"			"Previous weapon ROF"
"+reload"			"Reload weapon"
"+use"				"Use item (buttons, hostages)"
"slot1"				"Weapon category 1"
"slot2"				"Weapon category 2"
"slot3" 			"Weapon category 3"
"slot4"				"Weapon category 4"
"slot5"				"Weapon category 5"
"slot6"				"Weapon category 6"
"slot7"				"Weapon category 7"
"slot8"				"Weapon category 8"
"slot9"				"Weapon category 9"
"slot0"				"Weapon category 0"
"invprev"			"Previous weapon"
"invnext"			"Next weapon"
"blank"				"=============================="
"blank"				"Hostile Intent: Movement Keys"
"blank"				"=============================="
"+forward"			"Move forward"
"+back"				"Move back"
"+moveleft"			"Strafe left"
"+moveright"			"Strafe right"
"+left"				"Turn left"
"+right"			"Turn right"
"+jump"				"Jump"
"+duck"				"Crouch"
"duck_t"			"Toggle Crouch"
"+run"				"Run"
"prone"				"Prone"
"+moveup"			"Swim up"
"+movedown"			"Swim down"
"+lookup"			"Look up"
"+lookdown"			"Look down"
"centerview"			"Look straight ahead"
"+strafe"			"Strafe modifier"
"+mlook"			"Mouse look modifier"
"+klook"			"Keyboard look modifier"
"+showscores"			"Display multiplayer scores"
"messagemode"			"Chat message"
"messagemode2"			"Team message"
"impulse 201"			"Spray logo"
"snapshot"			"Take screen shot"
"quit"				"Quit game"